
seeds=[0, 1, 2, 3, 4] frames=560 amrs=6 workers=2
========================================
metric                           STOP-GO
----------------------------------------
worker collisions                  0.000
completion %                     100.000
path progress %                  100.000
min clearance [m]                  0.278
makespan [frames]                435.000
stop ratio %                      59.043
shield override %                 59.043
no-safe-candidate %               17.315
route deviation [m]                0.000
AMR-frames replanned             518.600
rollouts per AMR                   2.000
plan time [ms]                    11.704
========================================
saved -> /home/nanli/path_planning_ws/outputs/8_step_e_v1_module/results/stopgo.json
/home/nanli/path_planning_ws/step_e_v1/v1_planner.py:37: FutureWarning: You are using `torch.load` with `weights_only=False` (the current default value), which uses the default pickle module implicitly. It is possible to construct malicious pickle data which will execute arbitrary code during unpickling (See https://github.com/pytorch/pytorch/blob/main/SECURITY.md#untrusted-models for more details). In a future release, the default value for `weights_only` will be flipped to `True`. This limits the functions that could be executed during unpickling. Arbitrary objects will no longer be allowed to be loaded via this mode unless they are explicitly allowlisted by the user via `torch.serialization.add_safe_globals`. We recommend you start setting `weights_only=True` for any use case where you don't have full control of the loaded file. Please open an issue on GitHub for any issues related to this experimental feature.
  state = torch.load(path, map_location=device)
/home/nanli/.local/lib/python3.10/site-packages/torch/nn/modules/transformer.py:502: UserWarning: The PyTorch API of nested tensors is in prototype stage and will change in the near future. (Triggered internally at ../aten/src/ATen/NestedTensorImpl.cpp:178.)
  output = torch._nested_tensor_from_mask(

seeds=[0, 1, 2, 3, 4] frames=560 amrs=6 workers=2
========================================
metric                                V1
----------------------------------------
worker collisions                  0.000
completion %                     100.000
path progress %                  100.000
min clearance [m]                  0.278
makespan [frames]                354.800
stop ratio %                       1.423
shield override %                 57.306
no-safe-candidate %               25.984
route deviation [m]                0.073
AMR-frames replanned             301.600
rollouts per AMR                   8.000
plan time [ms]                    64.940
========================================
saved -> /home/nanli/path_planning_ws/outputs/8_step_e_v1_module/results/v1_safety_first.json
